➜  NetworkInfoScript git:(main) ✗ chmod +x networkinfo.sh
➜  NetworkInfoScript git:(main) ✗ ./networkinfo.sh
==============================
🖥️  SYSTEM INFORMATION SCRIPT
==============================

👤 Current User:
misabvp

📅 Current Date & Time:
Tue May 26 18:52:32 UTC 2026

💻 Hostname:
misabvp

🧠 System Uptime:
 18:52:32 up 1 min,  1 user,  load average: 0.11, 0.08, 0.03

💾 Memory Usage:
               total        used        free      shared  buff/cache   available
Mem:           3.7Gi       492Mi       2.9Gi       3.8Mi       485Mi       3.2Gi
Swap:          1.0Gi          0B       1.0Gi

💽 Disk Usage:
Filesystem      Size  Used Avail Use% Mounted on
none            1.9G     0  1.9G   0% /usr/lib/modules/6.6.114.1-microsoft-standard-WSL2
none            1.9G  4.0K  1.9G   1% /mnt/wsl
drivers         121G  112G  9.1G  93% /usr/lib/wsl/drivers
/dev/sdd       1007G  3.6G  953G   1% /
none            1.9G   36K  1.9G   1% /mnt/wslg
none            1.9G     0  1.9G   0% /usr/lib/wsl/lib
rootfs          1.9G  2.8M  1.9G   1% /init
none            1.9G  816K  1.9G   1% /run
none            1.9G     0  1.9G   0% /run/lock
none            1.9G     0  1.9G   0% /run/shm
none            1.9G   80K  1.9G   1% /mnt/wslg/versions.txt
none            1.9G   80K  1.9G   1% /mnt/wslg/doc
C:\             121G  112G  9.1G  93% /mnt/c
D:\             118G   86G   33G  73% /mnt/d
snapfuse        381M  381M     0 100% /snap/code/235
snapfuse        380M  380M     0 100% /snap/code/238
snapfuse         64M   64M     0 100% /snap/core20/2866
snapfuse         64M   64M     0 100% /snap/core20/2769
snapfuse         50M   50M     0 100% /snap/snapd/26865
tmpfs           382M   20K  382M   1% /run/user/1000

🌐 IP Address:
172.26.99.84 

⚙️ CPU Information:
Architecture:                            x86_64
CPU op-mode(s):                          32-bit, 64-bit
Address sizes:                           39 bits physical, 48 bits virtual
Byte Order:                              Little Endian
CPU(s):                                  8
On-line CPU(s) list:                     0-7
Vendor ID:                               GenuineIntel
Model name:                              Intel(R) Core(TM) i5-8365U CPU @ 1.60GHz
CPU family:                              6
Model:                                   142

✅ Script Completed